Copyright 1986-2018 Xilinx, Inc. All Rights Reserved.
----------------------------------------------------------------------------------------
| Tool Version : Vivado v.2018.3 (lin64) Build 2405991 Thu Dec  6 23:36:41 MST 2018
| Date         : Thu Jul 11 12:08:27 2019
| Host         : localhost.localdomain running 64-bit Fedora release 30 (Thirty)
| Command      : report_control_sets -verbose -file thinpad_top_control_sets_placed.rpt
| Design       : thinpad_top
| Device       : xc7a100t
----------------------------------------------------------------------------------------

Control Set Information

Table of Contents
-----------------
1. Summary
2. Histogram
3. Flip-Flop Distribution
4. Detailed Control Set Information

1. Summary
----------

+----------------------------------------------------------+-------+
|                          Status                          | Count |
+----------------------------------------------------------+-------+
| Number of unique control sets                            |    12 |
| Unused register locations in slices containing registers |    27 |
+----------------------------------------------------------+-------+


2. Histogram
------------

+--------+--------------+
| Fanout | Control Sets |
+--------+--------------+
|      1 |            1 |
|      8 |            4 |
|     11 |            2 |
|     12 |            2 |
|    16+ |            3 |
+--------+--------------+


3. Flip-Flop Distribution
-------------------------

+--------------+-----------------------+------------------------+-----------------+--------------+
| Clock Enable | Synchronous Set/Reset | Asynchronous Set/Reset | Total Registers | Total Slices |
+--------------+-----------------------+------------------------+-----------------+--------------+
| No           | No                    | No                     |              32 |           11 |
| No           | No                    | Yes                    |              40 |           13 |
| No           | Yes                   | No                     |              34 |           11 |
| Yes          | No                    | No                     |              55 |           11 |
| Yes          | No                    | Yes                    |               0 |            0 |
| Yes          | Yes                   | No                     |              12 |            4 |
+--------------+-----------------------+------------------------+-----------------+--------------+


4. Detailed Control Set Information
-----------------------------------

+----------------------+---------------------------------------------------+---------------------------------------------+------------------+----------------+
|     Clock Signal     |                   Enable Signal                   |               Set/Reset Signal              | Slice Load Count | Bel Load Count |
+----------------------+---------------------------------------------------+---------------------------------------------+------------------+----------------+
|  clk_50M_IBUF_BUFG   | ext_uart_r/tickgen/OversamplingTick               |                                             |                1 |              1 |
|  clk_50M_IBUF_BUFG   | ext_uart_r/tickgen/FSM_onehot_RxD_state_reg[2][0] |                                             |                1 |              8 |
|  clk_50M_IBUF_BUFG   | ext_uart_r/E[0]                                   |                                             |                1 |              8 |
|  clk_50M_IBUF_BUFG   | ext_uart_t/tickgen/Acc_reg[21]_0[0]               |                                             |                2 |              8 |
|  clk_50M_IBUF_BUFG   | ext_uart_t/FSM_onehot_TxD_state_reg[0]_0[0]       |                                             |                2 |              8 |
|  clk_50M_IBUF_BUFG   | ext_uart_r/tickgen/RxD_bit_reg_0[0]               |                                             |                2 |             11 |
|  clk_50M_IBUF_BUFG   | ext_uart_t/tickgen/E[0]                           |                                             |                2 |             11 |
|  clk_50M_IBUF_BUFG   |                                                   | vga800x600at75/hdata[11]_i_1_n_0            |                4 |             12 |
|  clk_50M_IBUF_BUFG   | vga800x600at75/vdata                              | vga800x600at75/vdata[11]_i_1_n_0            |                4 |             12 |
|  clk_50M_IBUF_BUFG   |                                                   | ext_uart_t/FSM_onehot_TxD_state_reg_n_0_[0] |                7 |             22 |
|  clk_50M_IBUF_BUFG   |                                                   |                                             |               11 |             32 |
|  clock_btn_IBUF_BUFG |                                                   | reset_btn_IBUF                              |               13 |             40 |
+----------------------+---------------------------------------------------+---------------------------------------------+------------------+----------------+


